7654132
